2025-10-22 23:51:21,925 - dining_scraper_south-quad - INFO - ================================================================================
2025-10-22 23:51:21,926 - dining_scraper_south-quad - INFO - Starting scrape for South Quad
2025-10-22 23:51:21,926 - dining_scraper_south-quad - INFO - ================================================================================
2025-10-22 23:51:21,926 - dining_scraper_south-quad - INFO - Navigating to South Quad: https://dining.umich.edu/menus-locations/dining-halls/south-quad/
2025-10-22 23:51:23,445 - dining_scraper_south-quad - INFO - Found 3 meal periods
2025-10-22 23:51:23,455 - dining_scraper_south-quad - INFO - Scraping meal period: Breakfast
2025-10-22 23:51:24,022 - dining_scraper_south-quad - INFO - Found 3 stations in meal period
2025-10-22 23:51:24,030 - dining_scraper_south-quad - INFO -  Scraping station: HOT CEREAL
2025-10-22 23:51:24,034 - dining_scraper_south-quad - INFO -   Found 1 items in station
2025-10-22 23:51:24,042 - dining_scraper_south-quad - DEBUG -   Processing item: Oatmeal
2025-10-22 23:51:25,111 - dining_scraper_south-quad - INFO -   Successfully scraped 1 items from station: HOT CEREAL
2025-10-22 23:51:25,120 - dining_scraper_south-quad - INFO -  Scraping station: TOAST
2025-10-22 23:51:25,124 - dining_scraper_south-quad - INFO -   Found 6 items in station
2025-10-22 23:51:25,131 - dining_scraper_south-quad - DEBUG -   Processing item: Sauteed Mixed Peppers & Onions
2025-10-22 23:51:26,218 - dining_scraper_south-quad - DEBUG -   Processing item: Southwest Tofu Scramble
2025-10-22 23:51:27,294 - dining_scraper_south-quad - DEBUG -   Processing item: O'Brien Potatoes
2025-10-22 23:51:28,365 - dining_scraper_south-quad - DEBUG -   Processing item: Scrambled Eggs
2025-10-22 23:51:29,449 - dining_scraper_south-quad - DEBUG -   Processing item: Pork Sausage Links
2025-10-22 23:51:30,534 - dining_scraper_south-quad - DEBUG -   Processing item: Grilled Waffles
2025-10-22 23:51:31,643 - dining_scraper_south-quad - INFO -   Successfully scraped 6 items from station: TOAST
2025-10-22 23:51:31,653 - dining_scraper_south-quad - INFO -  Scraping station: MBAKERY
2025-10-22 23:51:31,657 - dining_scraper_south-quad - INFO -   Found 3 items in station
2025-10-22 23:51:31,665 - dining_scraper_south-quad - DEBUG -   Processing item: Apple Cinnamon Muffins
2025-10-22 23:51:32,774 - dining_scraper_south-quad - DEBUG -   Processing item: Lemon Poppyseed Muffins
2025-10-22 23:51:33,835 - dining_scraper_south-quad - DEBUG -   Processing item: Chocolate Glazed Donuts
2025-10-22 23:51:34,939 - dining_scraper_south-quad - INFO -   Successfully scraped 3 items from station: MBAKERY
2025-10-22 23:51:34,939 - dining_scraper_south-quad - INFO - Successfully scraped 3 stations from: Breakfast
2025-10-22 23:51:34,950 - dining_scraper_south-quad - INFO - Scraping meal period: Lunch
2025-10-22 23:51:35,500 - dining_scraper_south-quad - INFO - Found 14 stations in meal period
2025-10-22 23:51:35,508 - dining_scraper_south-quad - INFO -  Scraping station: SOUP
2025-10-22 23:51:35,512 - dining_scraper_south-quad - INFO -   Found 2 items in station
2025-10-22 23:51:35,519 - dining_scraper_south-quad - DEBUG -   Processing item: Shrimp Bisque
2025-10-22 23:51:36,645 - dining_scraper_south-quad - DEBUG -   Processing item: Authentic Minestrone
2025-10-22 23:51:37,721 - dining_scraper_south-quad - INFO -   Successfully scraped 2 items from station: SOUP
2025-10-22 23:51:37,729 - dining_scraper_south-quad - INFO -  Scraping station: SIGNATURE MAIZE
2025-10-22 23:51:37,732 - dining_scraper_south-quad - INFO -   Found 4 items in station
2025-10-22 23:51:37,739 - dining_scraper_south-quad - DEBUG -   Processing item: Italian Sausage on White Bun
2025-10-22 23:51:38,858 - dining_scraper_south-quad - DEBUG -   Processing item: Sauteed Mixed Peppers
2025-10-22 23:51:39,931 - dining_scraper_south-quad - DEBUG -   Processing item: Greek Salad
2025-10-22 23:51:41,043 - dining_scraper_south-quad - DEBUG -   Processing item: Greek Salad Dressing
2025-10-22 23:51:42,104 - dining_scraper_south-quad - INFO -   Successfully scraped 4 items from station: SIGNATURE MAIZE
2025-10-22 23:51:42,112 - dining_scraper_south-quad - INFO -  Scraping station: 24 CARROTS
2025-10-22 23:51:42,116 - dining_scraper_south-quad - INFO -   Found 6 items in station
2025-10-22 23:51:42,129 - dining_scraper_south-quad - DEBUG -   Processing item: Vegan Chili Cornbread Pie
2025-10-22 23:51:43,254 - dining_scraper_south-quad - DEBUG -   Processing item: Pickled Jalapeno Peppers
2025-10-22 23:51:44,375 - dining_scraper_south-quad - DEBUG -   Processing item: Sliced Tomatoes
2025-10-22 23:51:45,461 - dining_scraper_south-quad - DEBUG -   Processing item: Cauliflower Quinoa Veggie Patty
2025-10-22 23:51:46,551 - dining_scraper_south-quad - DEBUG -   Processing item: Roasted Broccoli
2025-10-22 23:51:47,634 - dining_scraper_south-quad - DEBUG -   Processing item: Tabbouleh Salad
2025-10-22 23:51:48,693 - dining_scraper_south-quad - INFO -   Successfully scraped 6 items from station: 24 CARROTS
2025-10-22 23:51:48,702 - dining_scraper_south-quad - INFO -  Scraping station: HALAL
2025-10-22 23:51:48,706 - dining_scraper_south-quad - INFO -   Found 3 items in station
2025-10-22 23:51:48,714 - dining_scraper_south-quad - DEBUG -   Processing item: Chicken Biryani
2025-10-22 23:51:49,797 - dining_scraper_south-quad - DEBUG -   Processing item: Cucumber & Tomato Salad
2025-10-22 23:51:50,886 - dining_scraper_south-quad - DEBUG -   Processing item: Mint Garnish
2025-10-22 23:51:51,927 - dining_scraper_south-quad - INFO -   Successfully scraped 3 items from station: HALAL
2025-10-22 23:51:51,937 - dining_scraper_south-quad - INFO -  Scraping station: VITA
2025-10-22 23:51:51,941 - dining_scraper_south-quad - INFO -   Found 3 items in station
2025-10-22 23:51:51,948 - dining_scraper_south-quad - DEBUG -   Processing item: Gemelli Pasta
2025-10-22 23:51:53,056 - dining_scraper_south-quad - DEBUG -   Processing item: Garlic Cream Sauce
2025-10-22 23:51:54,224 - dining_scraper_south-quad - DEBUG -   Processing item: Marinara Sauce
2025-10-22 23:51:55,296 - dining_scraper_south-quad - INFO -   Successfully scraped 3 items from station: VITA
2025-10-22 23:51:55,306 - dining_scraper_south-quad - INFO -  Scraping station: SABROSO
2025-10-22 23:51:55,309 - dining_scraper_south-quad - INFO -   Found 4 items in station
2025-10-22 23:51:55,324 - dining_scraper_south-quad - DEBUG -   Processing item: Taco Beef
2025-10-22 23:51:56,430 - dining_scraper_south-quad - DEBUG -   Processing item: Blackened Tofu
2025-10-22 23:51:57,506 - dining_scraper_south-quad - DEBUG -   Processing item: Mexican Rice
2025-10-22 23:51:58,598 - dining_scraper_south-quad - DEBUG -   Processing item: Spicy Black Beans
2025-10-22 23:51:59,676 - dining_scraper_south-quad - INFO -   Successfully scraped 4 items from station: SABROSO
2025-10-22 23:51:59,688 - dining_scraper_south-quad - INFO -  Scraping station: PIZZITI
2025-10-22 23:51:59,692 - dining_scraper_south-quad - INFO -   Found 3 items in station
2025-10-22 23:51:59,702 - dining_scraper_south-quad - DEBUG -   Processing item: Pesto Chicken Pizza
2025-10-22 23:52:00,764 - dining_scraper_south-quad - DEBUG -   Processing item: Pepperoni Pizza
2025-10-22 23:52:01,867 - dining_scraper_south-quad - DEBUG -   Processing item: Cheese Pizza
2025-10-22 23:52:02,972 - dining_scraper_south-quad - INFO -   Successfully scraped 3 items from station: PIZZITI
2025-10-22 23:52:02,981 - dining_scraper_south-quad - INFO -  Scraping station: WILD FIRE MAIZE
2025-10-22 23:52:02,985 - dining_scraper_south-quad - INFO -   Found 3 items in station
2025-10-22 23:52:02,992 - dining_scraper_south-quad - DEBUG -   Processing item: Beef and Mushroom Blended Burger
2025-10-22 23:52:04,110 - dining_scraper_south-quad - DEBUG -   Processing item: Turkey Burger on White Bun
2025-10-22 23:52:05,199 - dining_scraper_south-quad - DEBUG -   Processing item: Seasoned Curly Fries
2025-10-22 23:52:06,262 - dining_scraper_south-quad - DEBUG - Normal click failed, trying JavaScript click: Message: element click intercepted: Element <a class="" href="#">...</a> is not clickable at point (876, 716). Other element would receive the click: <ul class="courses_wrapper">...</ul>
  (Session info: chrome=141.0.7390.122)
Stacktrace:
0   chromedriver                        0x0000000102dabcf8 cxxbridge1$str$ptr + 2895872
1   chromedriver                        0x0000000102da3c34 cxxbridge1$str$ptr + 2862908
2   chromedriver                        0x00000001028c9570 _RNvCs47EqcsrPRmA_7___rustc35___rust_no_alloc_shim_is_unstable_v2 + 74324
3   chromedriver                        0x0000000102916a8c _RNvCs47EqcsrPRmA_7___rustc35___rust_no_alloc_shim_is_unstable_v2 + 391024
4   chromedriver                        0x0000000102914ff4 _RNvCs47EqcsrPRmA_7___rustc35___rust_no_alloc_shim_is_unstable_v2 + 384216
5   chromedriver                        0x0000000102912e04 _RNvCs47EqcsrPRmA_7___rustc35___rust_no_alloc_shim_is_unstable_v2 + 375528
6   chromedriver                        0x00000001029121fc _RNvCs47EqcsrPRmA_7___rustc35___rust_no_alloc_shim_is_unstable_v2 + 372448
7   chromedriver                        0x0000000102906c40 _RNvCs47EqcsrPRmA_7___rustc35___rust_no_alloc_shim_is_unstable_v2 + 325924
8   chromedriver                        0x00000001029066cc _RNvCs47EqcsrPRmA_7___rustc35___rust_no_alloc_shim_is_unstable_v2 + 324528
9   chromedriver                        0x00000001029523d8 _RNvCs47EqcsrPRmA_7___rustc35___rust_no_alloc_shim_is_unstable_v2 + 635068
10  chromedriver                        0x00000001029050f8 _RNvCs47EqcsrPRmA_7___rustc35___rust_no_alloc_shim_is_unstable_v2 + 318940
11  chromedriver                        0x0000000102d6f81c cxxbridge1$str$ptr + 2648868
12  chromedriver                        0x0000000102d72df8 cxxbridge1$str$ptr + 2662656
13  chromedriver                        0x0000000102d50334 cxxbridge1$str$ptr + 2520636
14  chromedriver                        0x0000000102d736e0 cxxbridge1$str$ptr + 2664936
15  chromedriver                        0x0000000102d41a80 cxxbridge1$str$ptr + 2461064
16  chromedriver                        0x0000000102d93014 cxxbridge1$str$ptr + 2794268
17  chromedriver                        0x0000000102d93198 cxxbridge1$str$ptr + 2794656
18  chromedriver                        0x0000000102da3880 cxxbridge1$str$ptr + 2861960
19  libsystem_pthread.dylib             0x00000001978a3c0c _pthread_start + 136
20  libsystem_pthread.dylib             0x000000019789eb80 thread_start + 8

2025-10-22 23:52:17,055 - dining_scraper_south-quad - WARNING - Nutrition panel did not appear for: Seasoned Curly Fries
2025-10-22 23:52:17,056 - dining_scraper_south-quad - INFO -   Successfully scraped 3 items from station: WILD FIRE MAIZE
2025-10-22 23:52:17,076 - dining_scraper_south-quad - INFO -  Scraping station: TWO OCEANS
2025-10-22 23:52:17,081 - dining_scraper_south-quad - INFO -   Found 1 items in station
2025-10-22 23:52:17,089 - dining_scraper_south-quad - DEBUG -   Processing item: Chicken Fried Rice
2025-10-22 23:52:18,183 - dining_scraper_south-quad - INFO -   Successfully scraped 1 items from station: TWO OCEANS
2025-10-22 23:52:18,192 - dining_scraper_south-quad - INFO -  Scraping station: SMOKE
2025-10-22 23:52:18,215 - dining_scraper_south-quad - INFO -   Found 1 items in station
2025-10-22 23:52:18,226 - dining_scraper_south-quad - DEBUG -   Processing item: No Service at this Time
2025-10-22 23:52:18,769 - dining_scraper_south-quad - WARNING - No nutrition table found for: No Service at this Time
2025-10-22 23:52:19,102 - dining_scraper_south-quad - INFO -   Successfully scraped 1 items from station: SMOKE
2025-10-22 23:52:19,116 - dining_scraper_south-quad - INFO -  Scraping station: KOSHER
2025-10-22 23:52:19,120 - dining_scraper_south-quad - INFO -   Found 7 items in station
2025-10-22 23:52:19,131 - dining_scraper_south-quad - DEBUG -   Processing item: Navy Bean Soup
2025-10-22 23:52:20,223 - dining_scraper_south-quad - DEBUG -   Processing item: Turkey Hot Dog
2025-10-22 23:52:21,320 - dining_scraper_south-quad - DEBUG -   Processing item: Potato Chips
2025-10-22 23:52:22,395 - dining_scraper_south-quad - DEBUG -   Processing item: Quinoa Stuffed Peppers
2025-10-22 23:52:23,489 - dining_scraper_south-quad - DEBUG -   Processing item: Napa Slaw
2025-10-22 23:52:24,566 - dining_scraper_south-quad - DEBUG -   Processing item: Romaine Salad
2025-10-22 23:52:35,387 - dining_scraper_south-quad - WARNING - Nutrition panel did not appear for: Romaine Salad
2025-10-22 23:52:35,408 - dining_scraper_south-quad - DEBUG -   Processing item: Fresh Fruit Cup
2025-10-22 23:52:46,202 - dining_scraper_south-quad - WARNING - Nutrition panel did not appear for: Fresh Fruit Cup
2025-10-22 23:52:46,203 - dining_scraper_south-quad - INFO -   Successfully scraped 7 items from station: KOSHER
2025-10-22 23:52:46,220 - dining_scraper_south-quad - INFO -  Scraping station: BREADS AND ROLLS
2025-10-22 23:52:46,225 - dining_scraper_south-quad - INFO -   Found 4 items in station
2025-10-22 23:52:46,234 - dining_scraper_south-quad - DEBUG -   Processing item: White Sandwich Loaf
2025-10-22 23:52:47,340 - dining_scraper_south-quad - DEBUG -   Processing item: Italian Sandwich Loaf
2025-10-22 23:52:48,456 - dining_scraper_south-quad - DEBUG -   Processing item: Whipped Butter
2025-10-22 23:52:49,559 - dining_scraper_south-quad - DEBUG -   Processing item: Whipped Margarine
2025-10-22 23:52:50,621 - dining_scraper_south-quad - INFO -   Successfully scraped 4 items from station: BREADS AND ROLLS
2025-10-22 23:52:50,632 - dining_scraper_south-quad - INFO -  Scraping station: DELI
2025-10-22 23:52:50,635 - dining_scraper_south-quad - INFO -   Found 1 items in station
2025-10-22 23:52:50,643 - dining_scraper_south-quad - DEBUG -   Processing item: Sandwiches Made to Order
2025-10-22 23:52:51,193 - dining_scraper_south-quad - WARNING - No nutrition table found for: Sandwiches Made to Order
2025-10-22 23:52:51,526 - dining_scraper_south-quad - INFO -   Successfully scraped 1 items from station: DELI
2025-10-22 23:52:51,534 - dining_scraper_south-quad - INFO -  Scraping station: MBAKERY
2025-10-22 23:52:51,537 - dining_scraper_south-quad - INFO -   Found 3 items in station
2025-10-22 23:52:51,547 - dining_scraper_south-quad - DEBUG -   Processing item: Oatmeal Raisin Cookies
2025-10-22 23:52:52,678 - dining_scraper_south-quad - DEBUG -   Processing item: Raspberry Bars
2025-10-22 23:52:53,787 - dining_scraper_south-quad - DEBUG -   Processing item: Chocolate Chunk Cookies
2025-10-22 23:52:54,853 - dining_scraper_south-quad - INFO -   Successfully scraped 3 items from station: MBAKERY
2025-10-22 23:52:54,853 - dining_scraper_south-quad - INFO - Successfully scraped 14 stations from: Lunch
2025-10-22 23:52:54,864 - dining_scraper_south-quad - INFO - Scraping meal period: Dinner
2025-10-22 23:52:55,422 - dining_scraper_south-quad - INFO - Found 12 stations in meal period
2025-10-22 23:52:55,430 - dining_scraper_south-quad - INFO -  Scraping station: SOUP
2025-10-22 23:52:55,433 - dining_scraper_south-quad - INFO -   Found 2 items in station
2025-10-22 23:52:55,441 - dining_scraper_south-quad - DEBUG -   Processing item: Shrimp Bisque
2025-10-22 23:52:56,570 - dining_scraper_south-quad - DEBUG -   Processing item: Authentic Minestrone
2025-10-22 23:52:57,676 - dining_scraper_south-quad - INFO -   Successfully scraped 2 items from station: SOUP
2025-10-22 23:52:57,685 - dining_scraper_south-quad - INFO -  Scraping station: SIGNATURE MAIZE
2025-10-22 23:52:57,689 - dining_scraper_south-quad - INFO -   Found 4 items in station
2025-10-22 23:52:57,700 - dining_scraper_south-quad - DEBUG -   Processing item: Grilled Pork Chops
2025-10-22 23:52:58,803 - dining_scraper_south-quad - DEBUG -   Processing item: Spaetzle
2025-10-22 23:52:59,926 - dining_scraper_south-quad - DEBUG -   Processing item: German Sauerkraut
2025-10-22 23:53:10,751 - dining_scraper_south-quad - WARNING - Nutrition panel did not appear for: German Sauerkraut
2025-10-22 23:53:10,772 - dining_scraper_south-quad - DEBUG -   Processing item: Beef Mushroom Gravy
2025-10-22 23:53:21,613 - dining_scraper_south-quad - WARNING - Nutrition panel did not appear for: Beef Mushroom Gravy
2025-10-22 23:53:21,614 - dining_scraper_south-quad - INFO -   Successfully scraped 4 items from station: SIGNATURE MAIZE
2025-10-22 23:53:21,631 - dining_scraper_south-quad - INFO -  Scraping station: 24 CARROTS
2025-10-22 23:53:21,635 - dining_scraper_south-quad - INFO -   Found 7 items in station
2025-10-22 23:53:21,642 - dining_scraper_south-quad - DEBUG -   Processing item: Pea and Potato Curry
2025-10-22 23:53:22,706 - dining_scraper_south-quad - DEBUG -   Processing item: Basmati Rice
2025-10-22 23:53:23,791 - dining_scraper_south-quad - DEBUG -   Processing item: Rajma
2025-10-22 23:53:34,603 - dining_scraper_south-quad - WARNING - Nutrition panel did not appear for: Rajma
2025-10-22 23:53:34,622 - dining_scraper_south-quad - DEBUG -   Processing item: Cilantro Chutney
2025-10-22 23:53:45,400 - dining_scraper_south-quad - WARNING - Nutrition panel did not appear for: Cilantro Chutney
2025-10-22 23:53:45,417 - dining_scraper_south-quad - DEBUG -   Processing item: Cauliflower Quinoa Veggie Patty
2025-10-22 23:53:46,548 - dining_scraper_south-quad - DEBUG -   Processing item: Roasted Broccoli
2025-10-22 23:53:47,645 - dining_scraper_south-quad - DEBUG -   Processing item: Tabbouleh Salad
2025-10-22 23:53:48,700 - dining_scraper_south-quad - INFO -   Successfully scraped 7 items from station: 24 CARROTS
2025-10-22 23:53:48,714 - dining_scraper_south-quad - INFO -  Scraping station: HALAL
2025-10-22 23:53:48,720 - dining_scraper_south-quad - INFO -   Found 3 items in station
2025-10-22 23:53:48,728 - dining_scraper_south-quad - DEBUG -   Processing item: Sauteed Swiss Chard
2025-10-22 23:53:49,811 - dining_scraper_south-quad - DEBUG -   Processing item: Chicken Biryani
2025-10-22 23:53:50,884 - dining_scraper_south-quad - DEBUG -   Processing item: Cucumber & Tomato Salad
2025-10-22 23:53:51,912 - dining_scraper_south-quad - INFO -   Successfully scraped 3 items from station: HALAL
2025-10-22 23:53:51,922 - dining_scraper_south-quad - INFO -  Scraping station: VITA
2025-10-22 23:53:51,925 - dining_scraper_south-quad - INFO -   Found 3 items in station
2025-10-22 23:53:51,935 - dining_scraper_south-quad - DEBUG -   Processing item: Gemelli Pasta
2025-10-22 23:53:53,041 - dining_scraper_south-quad - DEBUG -   Processing item: Garlic Cream Sauce
2025-10-22 23:53:54,121 - dining_scraper_south-quad - DEBUG -   Processing item: Marinara Sauce
2025-10-22 23:53:55,217 - dining_scraper_south-quad - INFO -   Successfully scraped 3 items from station: VITA
2025-10-22 23:53:55,231 - dining_scraper_south-quad - INFO -  Scraping station: SABROSO
2025-10-22 23:53:55,235 - dining_scraper_south-quad - INFO -   Found 1 items in station
2025-10-22 23:53:55,247 - dining_scraper_south-quad - DEBUG -   Processing item: No Service at this Time
2025-10-22 23:53:55,809 - dining_scraper_south-quad - WARNING - No nutrition table found for: No Service at this Time
2025-10-22 23:53:56,141 - dining_scraper_south-quad - INFO -   Successfully scraped 1 items from station: SABROSO
2025-10-22 23:53:56,154 - dining_scraper_south-quad - INFO -  Scraping station: PIZZITI
2025-10-22 23:53:56,158 - dining_scraper_south-quad - INFO -   Found 3 items in station
2025-10-22 23:53:56,165 - dining_scraper_south-quad - DEBUG -   Processing item: Pesto Chicken Pizza
2025-10-22 23:53:57,268 - dining_scraper_south-quad - DEBUG -   Processing item: Pepperoni Pizza
2025-10-22 23:53:58,388 - dining_scraper_south-quad - DEBUG -   Processing item: Cheese Pizza
2025-10-22 23:53:59,536 - dining_scraper_south-quad - INFO -   Successfully scraped 3 items from station: PIZZITI
2025-10-22 23:53:59,545 - dining_scraper_south-quad - INFO -  Scraping station: WILD FIRE MAIZE
2025-10-22 23:53:59,549 - dining_scraper_south-quad - INFO -   Found 3 items in station
2025-10-22 23:53:59,563 - dining_scraper_south-quad - DEBUG -   Processing item: Beef and Mushroom Blended Burger
2025-10-22 23:54:00,641 - dining_scraper_south-quad - DEBUG -   Processing item: Turkey Burger on White Bun
2025-10-22 23:54:01,737 - dining_scraper_south-quad - DEBUG -   Processing item: Seasoned Fries
2025-10-22 23:54:02,807 - dining_scraper_south-quad - INFO -   Successfully scraped 3 items from station: WILD FIRE MAIZE
2025-10-22 23:54:02,815 - dining_scraper_south-quad - INFO -  Scraping station: TWO OCEANS
2025-10-22 23:54:02,819 - dining_scraper_south-quad - INFO -   Found 1 items in station
2025-10-22 23:54:02,826 - dining_scraper_south-quad - DEBUG -   Processing item: Chicken Fried Rice
2025-10-22 23:54:03,893 - dining_scraper_south-quad - INFO -   Successfully scraped 1 items from station: TWO OCEANS
2025-10-22 23:54:03,906 - dining_scraper_south-quad - INFO -  Scraping station: KOSHER
2025-10-22 23:54:03,910 - dining_scraper_south-quad - INFO -   Found 8 items in station
2025-10-22 23:54:03,917 - dining_scraper_south-quad - DEBUG -   Processing item: Navy Bean Soup
2025-10-22 23:54:05,008 - dining_scraper_south-quad - DEBUG -   Processing item: Beef Stew
2025-10-22 23:54:06,142 - dining_scraper_south-quad - DEBUG -   Processing item: Chocolate Chip Cookies
2025-10-22 23:54:07,227 - dining_scraper_south-quad - DEBUG -   Processing item: Potato, Lentil, and Coconut Curry
2025-10-22 23:54:08,307 - dining_scraper_south-quad - DEBUG -   Processing item: Rice Pilaf
2025-10-22 23:54:09,387 - dining_scraper_south-quad - DEBUG -   Processing item: Carrot Coins
2025-10-22 23:54:10,483 - dining_scraper_south-quad - DEBUG -   Processing item: Romaine Salad
2025-10-22 23:54:11,557 - dining_scraper_south-quad - DEBUG -   Processing item: Fresh Fruit Cup
2025-10-22 23:54:12,657 - dining_scraper_south-quad - INFO -   Successfully scraped 8 items from station: KOSHER
2025-10-22 23:54:12,665 - dining_scraper_south-quad - INFO -  Scraping station: DELI
2025-10-22 23:54:12,669 - dining_scraper_south-quad - INFO -   Found 1 items in station
2025-10-22 23:54:12,677 - dining_scraper_south-quad - DEBUG -   Processing item: Sandwiches Made to Order
2025-10-22 23:54:13,237 - dining_scraper_south-quad - WARNING - No nutrition table found for: Sandwiches Made to Order
2025-10-22 23:54:13,595 - dining_scraper_south-quad - INFO -   Successfully scraped 1 items from station: DELI
2025-10-22 23:54:13,606 - dining_scraper_south-quad - INFO -  Scraping station: MBAKERY
2025-10-22 23:54:13,610 - dining_scraper_south-quad - INFO -   Found 5 items in station
2025-10-22 23:54:13,617 - dining_scraper_south-quad - DEBUG -   Processing item: Raspberry Bars
2025-10-22 23:54:14,725 - dining_scraper_south-quad - DEBUG -   Processing item: Oatmeal Raisin Cookies
2025-10-22 23:54:15,806 - dining_scraper_south-quad - DEBUG -   Processing item: Maize and Blue Cookies
2025-10-22 23:54:16,916 - dining_scraper_south-quad - DEBUG -   Processing item: Sugar Cookies
2025-10-22 23:54:18,029 - dining_scraper_south-quad - DEBUG -   Processing item: Chocolate Chunk Cookies
2025-10-22 23:54:19,102 - dining_scraper_south-quad - INFO -   Successfully scraped 5 items from station: MBAKERY
2025-10-22 23:54:19,102 - dining_scraper_south-quad - INFO - Successfully scraped 12 stations from: Dinner
2025-10-22 23:54:19,102 - dining_scraper_south-quad - INFO - Successfully scraped 3 meal periods from South Quad
2025-10-22 23:54:19,107 - dining_scraper_south-quad - INFO - Saved menu to: /Users/alex/Documents/xcode/MichiganMealsAppFinal/MichiganMealsAppFinal/scraped_data/json/2025-10-22/south-quad.json
