2025-10-23 11:07:10,722 - dining_scraper_bursley - INFO - ================================================================================
2025-10-23 11:07:10,722 - dining_scraper_bursley - INFO - Starting scrape for Bursley
2025-10-23 11:07:10,722 - dining_scraper_bursley - INFO - ================================================================================
2025-10-23 11:07:10,722 - dining_scraper_bursley - INFO - Navigating to Bursley: https://dining.umich.edu/menus-locations/dining-halls/bursley/
2025-10-23 11:07:12,798 - dining_scraper_bursley - INFO - Found 3 meal periods
2025-10-23 11:07:12,815 - dining_scraper_bursley - INFO - Scraping meal period: Breakfast
2025-10-23 11:07:13,369 - dining_scraper_bursley - INFO - Found 3 stations in meal period
2025-10-23 11:07:13,377 - dining_scraper_bursley - INFO -  Scraping station: HOT CEREAL
2025-10-23 11:07:13,383 - dining_scraper_bursley - INFO -   Found 2 items in station
2025-10-23 11:07:13,391 - dining_scraper_bursley - DEBUG -   Processing item: Oatmeal
2025-10-23 11:07:14,466 - dining_scraper_bursley - DEBUG -   Processing item: Brown Sugar
2025-10-23 11:07:15,516 - dining_scraper_bursley - INFO -   Successfully scraped 2 items from station: HOT CEREAL
2025-10-23 11:07:15,525 - dining_scraper_bursley - INFO -  Scraping station: TOAST
2025-10-23 11:07:15,529 - dining_scraper_bursley - INFO -   Found 7 items in station
2025-10-23 11:07:15,537 - dining_scraper_bursley - DEBUG -   Processing item: Roasted Potato Duo
2025-10-23 11:07:16,635 - dining_scraper_bursley - DEBUG -   Processing item: Cajun Andouille Sausage
2025-10-23 11:07:17,752 - dining_scraper_bursley - DEBUG -   Processing item: Scrambled Eggs
2025-10-23 11:07:18,845 - dining_scraper_bursley - DEBUG -   Processing item: Grilled Waffles
2025-10-23 11:07:19,940 - dining_scraper_bursley - DEBUG -   Processing item: Scrambled Tofu w/ Spinach
2025-10-23 11:07:21,018 - dining_scraper_bursley - DEBUG -   Processing item: Sauteed Mixed Peppers & Onions
2025-10-23 11:07:22,097 - dining_scraper_bursley - DEBUG -   Processing item: Quiche Lorraine
2025-10-23 11:07:23,204 - dining_scraper_bursley - INFO -   Successfully scraped 7 items from station: TOAST
2025-10-23 11:07:23,213 - dining_scraper_bursley - INFO -  Scraping station: MBAKERY
2025-10-23 11:07:23,217 - dining_scraper_bursley - INFO -   Found 3 items in station
2025-10-23 11:07:23,225 - dining_scraper_bursley - DEBUG -   Processing item: Cappuccino Chocolate Chip Muffins
2025-10-23 11:07:24,352 - dining_scraper_bursley - DEBUG -   Processing item: Apple Cinnamon Muffins
2025-10-23 11:07:25,460 - dining_scraper_bursley - DEBUG -   Processing item: Chocolate Glazed Donuts
2025-10-23 11:07:26,589 - dining_scraper_bursley - INFO -   Successfully scraped 3 items from station: MBAKERY
2025-10-23 11:07:26,589 - dining_scraper_bursley - INFO - Successfully scraped 3 stations from: Breakfast
2025-10-23 11:07:26,599 - dining_scraper_bursley - INFO - Scraping meal period: Lunch
2025-10-23 11:07:27,154 - dining_scraper_bursley - INFO - Found 9 stations in meal period
2025-10-23 11:07:27,161 - dining_scraper_bursley - INFO -  Scraping station: SOUP
2025-10-23 11:07:27,166 - dining_scraper_bursley - INFO -   Found 1 items in station
2025-10-23 11:07:27,174 - dining_scraper_bursley - DEBUG -   Processing item: Chicken & Wild Rice Soup
2025-10-23 11:07:28,271 - dining_scraper_bursley - INFO -   Successfully scraped 1 items from station: SOUP
2025-10-23 11:07:28,284 - dining_scraper_bursley - INFO -  Scraping station: SIGNATURE MAIZE
2025-10-23 11:07:28,288 - dining_scraper_bursley - INFO -   Found 5 items in station
2025-10-23 11:07:28,296 - dining_scraper_bursley - DEBUG -   Processing item: Pulled Pork
2025-10-23 11:07:29,386 - dining_scraper_bursley - DEBUG -   Processing item: Sweet Potato Wedges
2025-10-23 11:07:30,503 - dining_scraper_bursley - DEBUG -   Processing item: Steamed Broccoli
2025-10-23 11:16:38,655 - dining_scraper_bursley - INFO - ================================================================================
2025-10-23 11:16:38,655 - dining_scraper_bursley - INFO - Starting scrape for Bursley
2025-10-23 11:16:38,655 - dining_scraper_bursley - INFO - ================================================================================
2025-10-23 11:16:38,655 - dining_scraper_bursley - INFO - Navigating to Bursley: https://dining.umich.edu/menus-locations/dining-halls/bursley/
2025-10-23 11:16:40,239 - dining_scraper_bursley - INFO - Found 3 meal periods
2025-10-23 11:16:40,251 - dining_scraper_bursley - INFO - Scraping meal period: Breakfast
2025-10-23 11:16:40,808 - dining_scraper_bursley - INFO - Found 3 stations in meal period
2025-10-23 11:16:40,819 - dining_scraper_bursley - INFO -  Scraping station: HOT CEREAL
2025-10-23 11:16:40,825 - dining_scraper_bursley - INFO -   Found 2 items in station
2025-10-23 11:16:40,835 - dining_scraper_bursley - DEBUG -   Processing item: Oatmeal
2025-10-23 11:16:41,940 - dining_scraper_bursley - DEBUG -   Processing item: Brown Sugar
2025-10-23 11:16:43,008 - dining_scraper_bursley - INFO -   Successfully scraped 2 items from station: HOT CEREAL
2025-10-23 11:16:43,019 - dining_scraper_bursley - INFO -  Scraping station: TOAST
2025-10-23 11:16:43,023 - dining_scraper_bursley - INFO -   Found 7 items in station
2025-10-23 11:16:43,034 - dining_scraper_bursley - DEBUG -   Processing item: Roasted Potato Duo
2025-10-23 11:16:44,144 - dining_scraper_bursley - DEBUG -   Processing item: Cajun Andouille Sausage
2025-10-23 11:16:45,265 - dining_scraper_bursley - DEBUG -   Processing item: Scrambled Eggs
2025-10-23 11:19:55,875 - dining_scraper_bursley - INFO - ================================================================================
2025-10-23 11:19:55,875 - dining_scraper_bursley - INFO - Starting scrape for Bursley
2025-10-23 11:19:55,875 - dining_scraper_bursley - INFO - ================================================================================
2025-10-23 11:19:55,875 - dining_scraper_bursley - INFO - Navigating to Bursley: https://dining.umich.edu/menus-locations/dining-halls/bursley/
2025-10-23 11:20:19,699 - dining_scraper_bursley - INFO - ================================================================================
2025-10-23 11:20:19,700 - dining_scraper_bursley - INFO - Starting scrape for Bursley
2025-10-23 11:20:19,700 - dining_scraper_bursley - INFO - ================================================================================
2025-10-23 11:20:19,700 - dining_scraper_bursley - INFO - Navigating to Bursley: https://dining.umich.edu/menus-locations/dining-halls/bursley/
2025-10-23 11:20:21,552 - dining_scraper_bursley - INFO - Found 3 meal periods
2025-10-23 11:20:21,567 - dining_scraper_bursley - INFO - Scraping meal period: Breakfast
2025-10-23 11:20:22,108 - dining_scraper_bursley - ERROR - Error scraping meal period: 'NoneType' object has no attribute 'is_displayed'
2025-10-23 11:20:22,110 - dining_scraper_bursley - ERROR - Error processing meal period 1: Message: no such window: target window already closed
from unknown error: web view not found
  (Session info: chrome=141.0.7390.122)
Stacktrace:
0   chromedriver                        0x0000000105007cf8 cxxbridge1$str$ptr + 2895872
1   chromedriver                        0x0000000104fffc34 cxxbridge1$str$ptr + 2862908
2   chromedriver                        0x0000000104b25570 _RNvCs47EqcsrPRmA_7___rustc35___rust_no_alloc_shim_is_unstable_v2 + 74324
3   chromedriver                        0x0000000104aff118 chromedriver + 143640
4   chromedriver                        0x0000000104b9537c _RNvCs47EqcsrPRmA_7___rustc35___rust_no_alloc_shim_is_unstable_v2 + 532576
5   chromedriver                        0x0000000104badf38 _RNvCs47EqcsrPRmA_7___rustc35___rust_no_alloc_shim_is_unstable_v2 + 633884
6   chromedriver                        0x0000000104b610f8 _RNvCs47EqcsrPRmA_7___rustc35___rust_no_alloc_shim_is_unstable_v2 + 318940
7   chromedriver                        0x0000000104fcb81c cxxbridge1$str$ptr + 2648868
8   chromedriver                        0x0000000104fcedf8 cxxbridge1$str$ptr + 2662656
9   chromedriver                        0x0000000104fac334 cxxbridge1$str$ptr + 2520636
10  chromedriver                        0x0000000104fcf6e0 cxxbridge1$str$ptr + 2664936
11  chromedriver                        0x0000000104f9da80 cxxbridge1$str$ptr + 2461064
12  chromedriver                        0x0000000104fef014 cxxbridge1$str$ptr + 2794268
13  chromedriver                        0x0000000104fef198 cxxbridge1$str$ptr + 2794656
14  chromedriver                        0x0000000104fff880 cxxbridge1$str$ptr + 2861960
15  libsystem_pthread.dylib             0x00000001978a3c0c _pthread_start + 136
16  libsystem_pthread.dylib             0x000000019789eb80 thread_start + 8

2025-10-23 11:20:22,112 - dining_scraper_bursley - ERROR - Error processing meal period 2: Message: no such window: target window already closed
from unknown error: web view not found
  (Session info: chrome=141.0.7390.122)
Stacktrace:
0   chromedriver                        0x0000000105007cf8 cxxbridge1$str$ptr + 2895872
1   chromedriver                        0x0000000104fffc34 cxxbridge1$str$ptr + 2862908
2   chromedriver                        0x0000000104b25570 _RNvCs47EqcsrPRmA_7___rustc35___rust_no_alloc_shim_is_unstable_v2 + 74324
3   chromedriver                        0x0000000104aff118 chromedriver + 143640
4   chromedriver                        0x0000000104b9537c _RNvCs47EqcsrPRmA_7___rustc35___rust_no_alloc_shim_is_unstable_v2 + 532576
5   chromedriver                        0x0000000104badf38 _RNvCs47EqcsrPRmA_7___rustc35___rust_no_alloc_shim_is_unstable_v2 + 633884
6   chromedriver                        0x0000000104b610f8 _RNvCs47EqcsrPRmA_7___rustc35___rust_no_alloc_shim_is_unstable_v2 + 318940
7   chromedriver                        0x0000000104fcb81c cxxbridge1$str$ptr + 2648868
8   chromedriver                        0x0000000104fcedf8 cxxbridge1$str$ptr + 2662656
9   chromedriver                        0x0000000104fac334 cxxbridge1$str$ptr + 2520636
10  chromedriver                        0x0000000104fcf6e0 cxxbridge1$str$ptr + 2664936
11  chromedriver                        0x0000000104f9da80 cxxbridge1$str$ptr + 2461064
12  chromedriver                        0x0000000104fef014 cxxbridge1$str$ptr + 2794268
13  chromedriver                        0x0000000104fef198 cxxbridge1$str$ptr + 2794656
14  chromedriver                        0x0000000104fff880 cxxbridge1$str$ptr + 2861960
15  libsystem_pthread.dylib             0x00000001978a3c0c _pthread_start + 136
16  libsystem_pthread.dylib             0x000000019789eb80 thread_start + 8

2025-10-23 11:20:22,112 - dining_scraper_bursley - INFO - Successfully scraped 0 meal periods from Bursley
2025-10-23 11:20:22,114 - dining_scraper_bursley - INFO - Saved menu to: /Users/alex/Documents/xcode/MichiganMealsAppFinal/MichiganMealsAppFinal/scraped_data/json/2025-10-23/bursley.json
2025-10-23 11:24:12,270 - dining_scraper_bursley - INFO - ================================================================================
2025-10-23 11:24:12,270 - dining_scraper_bursley - INFO - Starting scrape for Bursley
2025-10-23 11:24:12,270 - dining_scraper_bursley - INFO - ================================================================================
2025-10-23 11:24:12,270 - dining_scraper_bursley - INFO - Navigating to Bursley: https://dining.umich.edu/menus-locations/dining-halls/bursley/
2025-10-23 11:24:14,186 - dining_scraper_bursley - INFO - Found 3 meal periods
2025-10-23 11:24:14,203 - dining_scraper_bursley - INFO - Scraping meal period: Breakfast
2025-10-23 11:24:14,814 - dining_scraper_bursley - INFO - Found 3 stations in meal period
2025-10-23 11:24:14,825 - dining_scraper_bursley - INFO -  Scraping station: HOT CEREAL
2025-10-23 11:24:14,830 - dining_scraper_bursley - INFO -   Found 2 items in station
2025-10-23 11:24:14,839 - dining_scraper_bursley - DEBUG -   Processing item: Oatmeal
2025-10-23 11:24:15,952 - dining_scraper_bursley - DEBUG -   Processing item: Brown Sugar
2025-10-23 11:24:35,686 - dining_scraper_bursley - INFO - ================================================================================
2025-10-23 11:24:35,686 - dining_scraper_bursley - INFO - Starting scrape for Bursley
2025-10-23 11:24:35,686 - dining_scraper_bursley - INFO - ================================================================================
2025-10-23 11:24:35,686 - dining_scraper_bursley - INFO - Navigating to Bursley: https://dining.umich.edu/menus-locations/dining-halls/bursley/
2025-10-23 11:25:32,930 - dining_scraper_bursley - INFO - ================================================================================
2025-10-23 11:25:32,931 - dining_scraper_bursley - INFO - Starting scrape for Bursley
2025-10-23 11:25:32,931 - dining_scraper_bursley - INFO - ================================================================================
2025-10-23 11:25:32,931 - dining_scraper_bursley - INFO - Navigating to Bursley: https://dining.umich.edu/menus-locations/dining-halls/bursley/
2025-10-23 11:25:34,713 - dining_scraper_bursley - INFO - Found 3 meal periods
2025-10-23 11:25:34,729 - dining_scraper_bursley - INFO - Scraping meal period: Breakfast
2025-10-23 11:25:35,333 - dining_scraper_bursley - INFO - Found 3 stations in meal period
2025-10-23 11:25:35,344 - dining_scraper_bursley - INFO -  Scraping station: HOT CEREAL
2025-10-23 11:25:35,350 - dining_scraper_bursley - INFO -   Found 2 items in station
2025-10-23 11:25:35,360 - dining_scraper_bursley - DEBUG -   Processing item: Oatmeal
2025-10-23 11:31:47,171 - dining_scraper_bursley - INFO - ================================================================================
2025-10-23 11:31:47,172 - dining_scraper_bursley - INFO - Starting scrape for Bursley
2025-10-23 11:31:47,172 - dining_scraper_bursley - INFO - ================================================================================
2025-10-23 11:31:47,172 - dining_scraper_bursley - INFO - Navigating to Bursley: https://dining.umich.edu/menus-locations/dining-halls/bursley/
2025-10-23 11:33:21,506 - dining_scraper_bursley - INFO - ================================================================================
2025-10-23 11:33:21,506 - dining_scraper_bursley - INFO - Starting scrape for Bursley
2025-10-23 11:33:21,506 - dining_scraper_bursley - INFO - ================================================================================
2025-10-23 11:33:21,506 - dining_scraper_bursley - INFO - Navigating to Bursley: https://dining.umich.edu/menus-locations/dining-halls/bursley/
2025-10-23 11:34:21,619 - dining_scraper_bursley - INFO - ================================================================================
2025-10-23 11:34:21,619 - dining_scraper_bursley - INFO - Starting scrape for Bursley
2025-10-23 11:34:21,619 - dining_scraper_bursley - INFO - ================================================================================
2025-10-23 11:34:21,619 - dining_scraper_bursley - INFO - Navigating to Bursley: https://dining.umich.edu/menus-locations/dining-halls/bursley/
